19956
238
19764
128
19766
94
19762
98
110
164
19774
100
19754
104
19758
102
19752
100
116
98
19764
100
19758
116
102
102
110
112
19760
112
98
100
19756
102
19770
100
100
98
19762
104
19772
98
19766
114
104
114
108
112
19766
114
19764
104
96
19760
98
168
110
19758
110
100
96
92
19756
116
19762
112
19756
19766
110
130
19758
98
19768
112
114
98
19764
98
110
136
19762
100
100
19754
98
19760
114
100
96
104
94
110
100
160
19756
128
110
112
19764
19770
