3172
218
90
98
88
112
96
86
106
104
138
19758
126
102
116
104
112
98
116
94
19754
104
118
96
104
118
90
100
102
98
98
102
102
112
100
128
116
116
98
120
112
118
120
112
110
19768
100
110
98
130
128
116
100
112
112
110
100
110
19758
100
118
102
144
84
118
98
118
124
90
110
122
118
94
112
134
106
100
118
100
19758
100
102
19758
124
100
118
102
19756
102
114
98
114
19766
19756
122
104
136
108
100
19762
