266
258
124
82
82
88
86
82
82
84
90
88
86
90
88
88
84
84
88
84
84
88
90
86
82
84
88
84
84
88
90
86
86
86
90
90
86
90
84
86
88
88
82
84
88
88
82
86
86
88
80
84
88
88
84
82
88
88
82
88
90
84
84
86
88
90
82
84
86
86
82
82
86
86
90
86
88
88
84
86
86
90
86
86
90
86
86
82
86
90
86
88
88
84
82
88
86
84
86
90
