268
240
98
74
78
88
82
78
82
78
78
78
78
78
88
82
92
78
78
78
78
78
74
78
82
82
78
78
78
74
82
82
78
82
74
74
82
78
78
78
74
74
78
74
78
82
82
82
74
74
78
88
78
74
82
82
78
78
82
78
74
78
78
74
82
78
78
82
78
74
78
78
92
78
78
74
88
78
74
78
78
74
88
74
92
78
74
78
78
74
74
78
82
78
74
78
74
74
78
74
