264
266
132
94
90
98
94
86
98
98
102
98
98
98
108
86
98
102
108
86
108
90
94
108
94
78
98
78
98
112
98
108
108
108
100
98
108
112
104
178
108
98
102
108
104
98
98
894
112
104
112
112
90
104
102
78
98
102
104
102
74
104
98
186
98
104
98
108
98
108
108
108
108
112
94
108
98
112
108
108
288
98
86
112
104
98
108
104
112
98
94
144
94
94
98
98
98
98
108
108
