17458
226
152
94
108
19226
19212
19208
19222
19222
98
19226
19220
19222
19226
98
108
78
94
19226
108
19222
19208
19212
104
19226
19216
19226
98
19226
19222
19218
19226
104
19226
108
19222
94
108
88
19222
19230
19216
74
19216
78
19222
19218
19216
94
98
108
19226
98
98
19222
19216
94
94
18588
19226
94
19216
19226
104
19218
98
19212
19226
19226
19226
98
19218
19226
104
19212
108
19226
98
98
19218
19226
19226
19212
104
19226
108
19212
19216
19222
98
19226
19226
108
19216
108
19212
98
104
19216
