246
173
85
85
74
72
79
72
74
74
96
75
71
74
77
75
72
74
75
60
73
57
71
54
70
70
69
70
71
71
72
94
73
91
70
95
70
91
71
87
70
95
72
70
73
81
70
86
73
95
69
72
70
72
72
72
70
70
72
72
69
87
72
69
69
71
70
92
73
72
71
72
72
73
72
1324
69
97
71
80
74
69
71
72
72
91
5368
75
73
93
72
71
70
64
70
14348
90
54
70
54
