14710
219
122
84
95
86
14676
14694
75
14685
74
87
70
14688
73
96
73
14685
71
87
91
88
71
14690
74
14690
14667
14698
72
96
70
14680
70
86
73
14686
74
14700
74
14706
72
83
72
14680
75
14691
75
84
61
14702
73
14682
72
14698
71
14690
90
14692
73
14686
72
14702
71
14687
71
14684
69
14684
69
14688
73
14698
73
87
72
87
92
86
74
14700
74
86
72
89
71
14696
69
89
72
87
74
14686
71
14686
70
14694
74
86
72
14688
