215
161
86
57
64
64
60
62
63
60
62
61
63
64
64
63
65
64
64
63
67
64
64
64
63
64
62
65
67
64
64
63
67
64
64
61
64
63
63
64
62
65
61
64
64
63
64
62
65
62
64
65
65
64
64
65
65
64
62
63
67
64
64
61
63
64
64
63
64
64
64
63
64
64
63
65
62
64
64
63
64
64
63
64
64
64
67
64
62
64
65
64
64
61
63
64
64
61
64
64
